MO zxmmc NULL ../files/zxmmc.v vlg1B/zxmmc.bin 1774211551
MO tf530r3_ram_top NULL ../files/tf530r3_ram_top.v vlg74/tf530r3__ram__top.bin 1774211904
MO gayle NULL ../files/gayle.v vlg26/gayle.bin 1774211904
MO autoconfig NULL ../files/autoconfig_zii.v vlg03/autoconfig.bin 1774211904
MO fastram NULL ../files/fastram.v vlg06/fastram.bin 1774211904
MO intreqr NULL ../files/tf530r3_ram_top.v vlg59/intreqr.bin 1774211904
MO ram_top NULL ../files/ram_top.v vlg06/ram__top.bin 1774211904
